
## delay_gt  (numeric compare, 2 cols)  n=1200  block=120
   predicate columns at positions [20, 19] of 22
   arm                     bal@0.5  bal@fit  thresh   tokens
   row_kv                    91.0%    96.2%    0.82   285735
   csv_block                 80.4%    92.7%    0.84   154380
   csv_rle+pin               79.0%    92.4%    0.80    92327
   csv_rle+pin+label         85.6%    94.1%    0.80   101622

## state_eq  (categorical equality, 2 cols)  n=1200  block=120
   predicate columns at positions [10, 19] of 21
   arm                     bal@0.5  bal@fit  thresh   tokens
   row_kv                    99.9%    99.2%    0.94   268896
   csv_block                100.0%   100.0%    0.65   143507
   csv_rle+pin               99.1%    98.5%    0.24    82550
   csv_rle+pin+label         99.2%    99.8%    0.44    90950

## taxi_sum  (arithmetic over 2 cols)  n=1200  block=120
   predicate columns at positions [20, 10] of 22
   arm                     bal@0.5  bal@fit  thresh   tokens
   row_kv                    99.0%    99.1%    0.89   289497
   csv_block                 93.4%    93.7%    0.89   160523
   csv_rle+pin               88.8%    91.3%    0.73   112982
   csv_rle+pin+label         98.7%    98.9%    0.80   120182

# 120 calls, $0.079932 billed this run
# wrote results/ab_label.json
