# table: flight_100k.csv  5000 rows x 110 cols
# tokenizer proxy: cl100k_base   price: $0.042/Mtok (output free)

# baseline: one request per row (SOLO's current prompt shape)
  requests=    5000  tokens=   3811947  tok/row=  762.4  $0.1601

## planner=default  plan=0ms  sort=102ms  formula_rel_err=0.44%
   row_kv         req=    117  tokens=   3826947  tok/row=  765.4  $0.1607  = 100.4% of baseline
   csv_block      req=     39  tokens=   1123399  tok/row=  224.7  $0.0472  =  29.5% of baseline
   csv_rle        req=     39  tokens=    984785  tok/row=  197.0  $0.0414  =  25.8% of baseline
   columnar_rle   req=     31  tokens=    951198  tok/row=  190.2  $0.0400  =  25.0% of baseline
   factored_rle   req=    107  tokens=   3492201  tok/row=  698.4  $0.1467  =  91.6% of baseline

## planner=ndv  plan=270ms  sort=118ms  formula_rel_err=0.59%
   row_kv         req=    117  tokens=   3831758  tok/row=  766.4  $0.1609  = 100.5% of baseline
   csv_block      req=     39  tokens=   1125873  tok/row=  225.2  $0.0473  =  29.5% of baseline
   csv_rle        req=     28  tokens=    861985  tok/row=  172.4  $0.0362  =  22.6% of baseline
   columnar_rle   req=     29  tokens=    868816  tok/row=  173.8  $0.0365  =  22.8% of baseline
   factored_rle   req=     52  tokens=   1751106  tok/row=  350.2  $0.0735  =  45.9% of baseline

## planner=solo_greedy  plan=1514ms  sort=156ms  formula_rel_err=0.17%
   row_kv         req=    117  tokens=   3831830  tok/row=  766.4  $0.1609  = 100.5% of baseline
   csv_block      req=     39  tokens=   1121784  tok/row=  224.4  $0.0471  =  29.4% of baseline
   csv_rle        req=     27  tokens=    845756  tok/row=  169.2  $0.0355  =  22.2% of baseline
   columnar_rle   req=     29  tokens=    912646  tok/row=  182.5  $0.0383  =  23.9% of baseline
   factored_rle   req=     46  tokens=   1568970  tok/row=  313.8  $0.0659  =  41.2% of baseline

## planner=token_greedy  plan=1919ms  sort=122ms  formula_rel_err=0.22%
   row_kv         req=    117  tokens=   3831830  tok/row=  766.4  $0.1609  = 100.5% of baseline
   csv_block      req=     39  tokens=   1129833  tok/row=  226.0  $0.0475  =  29.6% of baseline
   csv_rle        req=     29  tokens=    901816  tok/row=  180.4  $0.0379  =  23.7% of baseline
   columnar_rle   req=     29  tokens=    885282  tok/row=  177.1  $0.0372  =  23.2% of baseline
   factored_rle   req=     51  tokens=   1728973  tok/row=  345.8  $0.0726  =  45.4% of baseline

## planner=token_greedy_eps  plan=1908ms  sort=121ms  formula_rel_err=0.23%
   row_kv         req=    117  tokens=   3831830  tok/row=  766.4  $0.1609  = 100.5% of baseline
   csv_block      req=     39  tokens=   1126937  tok/row=  225.4  $0.0473  =  29.6% of baseline
   csv_rle        req=     27  tokens=    841595  tok/row=  168.3  $0.0353  =  22.1% of baseline
   columnar_rle   req=     28  tokens=    905094  tok/row=  181.0  $0.0380  =  23.7% of baseline
   factored_rle   req=     46  tokens=   1563751  tok/row=  312.8  $0.0657  =  41.0% of baseline

# wrote results/flight_5k_all.json
