
## delay_gt  (numeric compare, 2 cols)  n=1200
     block  requests   rows/s  bal@0.5  bal@fit  thresh    tokens  $/100k rows
        15        80     48.4    86.2%    93.0%    0.79    122363         0.43
        60        20    187.0    81.7%    92.6%    0.79     96149         0.34
       120        10    317.3    78.9%    92.8%    0.85     92327         0.32
       240         5    561.1    74.2%    89.9%    0.75     91138         0.32
       600         3    751.1    71.3%    89.5%    0.74     90560         0.32
   budget(400)         3    684.5    70.9%    90.5%    0.78     90560         0.32

## state_eq  (categorical equality, 2 cols)  n=1200
     block  requests   rows/s  bal@0.5  bal@fit  thresh    tokens  $/100k rows
        15        80     48.6    98.7%    98.8%    0.63    112027         0.39
        60        20    197.7    99.7%    99.9%    0.75     86472         0.30
       120        10    335.1    99.1%    99.4%    0.36     82550         0.29
       240         5    540.5    96.6%    96.7%    0.28     81392         0.28
       600         3    696.2    95.0%    97.3%    0.39     80942         0.28
   budget(400)         3    732.2    95.4%    97.1%    0.37     80942         0.28

# 242 calls, $0.046512 billed this run
# most accurate: block=60 at 99.9% ($0.30/100k rows)
# cheapest:      block=600 at 97.3% ($0.28/100k rows)
# wrote results/block_sweep.json
