# table=flight  rows=5000  predicates=['delay_gt', 'weekend', 'state_eq']
# same client policy for both arms: max_rpm=900, pin=on

## delay_gt  (numeric compare, 2 cols)  n=5000
   emit fraction of predicate columns: ArrDelay=100%, DepDelay=79%
   packed    rows=  5000 requests=    42 tokens=   382303 $ 0.0161 wall=   17.4s (throttled    0.0s)    286.6 rows/s  failed=0
   balanced accuracy: 81.3% at 0.5 (n=5000), 94.7% at fitted 0.87 (held out, n=2500)
   baseline  rows=   200 requests=   200 tokens=    97591 $ 0.0041 wall=   63.0s (throttled    0.0s)      3.2 rows/s  failed=0
   balanced accuracy: 100.0% at 0.5 (n=200), 100.0% at fitted 0.95 (held out, n=100)

   scaling each arm's MEASURED per-row rate to 100,000 rows:
     requests        100,000  ->       840   (119x fewer)
     tokens       48,795,500  -> 7,646,060   (6.4x fewer)
     cost       $       2.05  ->$     0.32
     wall clock       525.3m  ->      5.8m   (90x faster)
     the baseline's request count alone costs 83 min of the documented 1200/min quota

## weekend  (set membership, 1 low-NDV col)  n=5000
   emit fraction of predicate columns: DayOfWeek=0%   <- low: pinning is doing real work here
   packed    rows=  5000 requests=    42 tokens=   317255 $ 0.0133 wall=   16.2s (throttled    0.0s)    308.0 rows/s  failed=0
   balanced accuracy: 100.0% at 0.5 (n=5000), 100.0% at fitted 0.88 (held out, n=2500)
   baseline  rows=   200 requests=   200 tokens=    93768 $ 0.0039 wall=   63.8s (throttled    0.0s)      3.1 rows/s  failed=0
   balanced accuracy: 100.0% at 0.5 (n=200), 100.0% at fitted 0.95 (held out, n=100)

   scaling each arm's MEASURED per-row rate to 100,000 rows:
     requests        100,000  ->       840   (119x fewer)
     tokens       46,884,000  -> 6,345,100   (7.4x fewer)
     cost       $       1.97  ->$     0.27
     wall clock       532.0m  ->      5.4m   (98x faster)
     the baseline's request count alone costs 83 min of the documented 1200/min quota

## state_eq  (categorical equality, 2 cols)  n=5000
   emit fraction of predicate columns: OriginState=52%, DestState=16%   <- low: pinning is doing real work here
   packed    rows=  5000 requests=    42 tokens=   396681 $ 0.0167 wall=   16.1s (throttled    0.0s)    309.8 rows/s  failed=0
   balanced accuracy: 97.1% at 0.5 (n=5000), 98.4% at fitted 0.16 (held out, n=2500)
   baseline  rows=   200 requests=   200 tokens=    94745 $ 0.0040 wall=   63.8s (throttled    0.0s)      3.1 rows/s  failed=0
   balanced accuracy: 100.0% at 0.5 (n=200), 100.0% at fitted 0.99 (held out, n=100)

   scaling each arm's MEASURED per-row rate to 100,000 rows:
     requests        100,000  ->       840   (119x fewer)
     tokens       47,372,500  -> 7,933,620   (6.0x fewer)
     cost       $       1.99  ->$     0.33
     wall clock       531.9m  ->      5.4m   (99x faster)
     the baseline's request count alone costs 83 min of the documented 1200/min quota

# 726 calls, $0.058058 billed this run
# wrote results/e2e_flight_v3.json
