# table=flight  rows=5000  predicates=['delay_gt', 'weekend', 'state_eq']
# same client policy for both arms: max_rpm=900, pin=on

## delay_gt  (numeric compare, 2 cols)  n=5000
   emit fraction of predicate columns: ArrDelay=100%, DepDelay=79%
   packed    rows=  5000 requests=    42 tokens=   382303 $ 0.0161 wall=   15.6s (throttled    0.0s)    319.6 rows/s  failed=0
   balanced accuracy: 81.0% at 0.5, 95.4% at fitted 0.83
   baseline  rows=   300 requests=   300 tokens=   146388 $ 0.0061 wall=   91.7s (throttled    0.0s)      3.3 rows/s  failed=0
   balanced accuracy: 100.0% at 0.5, 100.0% at fitted 0.96

   scaling each arm's MEASURED per-row rate to 100,000 rows:
     requests        100,000  ->       840   (119x fewer)
     tokens       48,796,000  -> 7,646,060   (6.4x fewer)
     cost       $       2.05  ->$     0.32
     wall clock       509.2m  ->      5.2m   (98x faster)
     the baseline's request count alone costs 83 min of the documented 1200/min quota

## weekend  (set membership, 1 low-NDV col)  n=5000
   emit fraction of predicate columns: DayOfWeek=0%   <- low: pinning is doing real work here
   packed    rows=  5000 requests=    42 tokens=   317255 $ 0.0133 wall=   16.1s (throttled    0.0s)    309.9 rows/s  failed=0
   balanced accuracy: 100.0% at 0.5, 100.0% at fitted 0.88
   baseline  rows=   300 requests=   300 tokens=   140637 $ 0.0059 wall=   88.6s (throttled    0.0s)      3.4 rows/s  failed=0
   balanced accuracy: 100.0% at 0.5, 100.0% at fitted 0.95

   scaling each arm's MEASURED per-row rate to 100,000 rows:
     requests        100,000  ->       840   (119x fewer)
     tokens       46,879,000  -> 6,345,100   (7.4x fewer)
     cost       $       1.97  ->$     0.27
     wall clock       492.1m  ->      5.4m   (92x faster)
     the baseline's request count alone costs 83 min of the documented 1200/min quota

## state_eq  (categorical equality, 2 cols)  n=5000
   emit fraction of predicate columns: OriginState=52%, DestState=16%   <- low: pinning is doing real work here
   packed    rows=  5000 requests=    42 tokens=   396681 $ 0.0167 wall=   15.5s (throttled    0.0s)    323.3 rows/s  failed=0
   balanced accuracy: 96.7% at 0.5, 99.3% at fitted 0.17
   baseline  rows=   300 requests=   300 tokens=   142138 $ 0.0060 wall=   86.3s (throttled    0.0s)      3.5 rows/s  failed=0
   balanced accuracy: 100.0% at 0.5, 100.0% at fitted 0.99

   scaling each arm's MEASURED per-row rate to 100,000 rows:
     requests        100,000  ->       840   (119x fewer)
     tokens       47,379,333  -> 7,933,620   (6.0x fewer)
     cost       $       1.99  ->$     0.33
     wall clock       479.4m  ->      5.2m   (93x faster)
     the baseline's request count alone costs 83 min of the documented 1200/min quota

# 1026 calls, $0.064067 billed this run
# wrote results/e2e_flight_v2.json
