# table=flight  40000 rows x 110 cols

## delay_gt  (numeric compare, 2 cols)  cols=['ArrDelay', 'DepDelay']
   base_rate=0.275   predicate cols at positions [22, 19]/22, emitted ['100%', '99%'] of rows
   encoding               acc  bal_acc   billed     n
   row_kv               89.4%    92.7%    85180   360
   csv_block            79.4%    85.5%    45706   360
   csv_rle              73.3%    81.6%    34837   360
   csv_rle+pin          73.6%    81.8%    34862   360

## state_eq  (categorical equality, 2 cols)  cols=['OriginState', 'DestState']
   base_rate=0.100   predicate cols at positions [10, 19]/21, emitted ['90%', '99%'] of rows
   encoding               acc  bal_acc   billed     n
   row_kv               99.7%    99.8%    80113   360
   csv_block            99.7%    99.8%    42466   360
   csv_rle              98.3%    97.8%    31792   360
   csv_rle+pin          98.6%    99.2%    31851   360

## dist_gt  (numeric threshold, 1 col)  cols=['Distance']
   base_rate=0.294   predicate cols at positions [19]/21, emitted ['100%'] of rows
   encoding               acc  bal_acc   billed     n
   row_kv              100.0%   100.0%    81652   360
   csv_block           100.0%   100.0%    44365   360
   csv_rle             100.0%   100.0%    33687   360
   csv_rle+pin         100.0%   100.0%    33693   360

## weekend  (set membership, 1 low-NDV col)  cols=['DayOfWeek']
   base_rate=0.231   predicate cols at positions [7]/20, emitted ['12%'] of rows
   encoding               acc  bal_acc   billed     n
   row_kv               99.7%    99.8%    78313   360
   csv_block            99.2%    99.5%    41737   360
   csv_rle              79.2%    63.7%    31086   360
   csv_rle+pin         100.0%   100.0%    31529   360

## carrier_in  (set membership, 1 low-NDV col)  cols=['Reporting_Airline']
   base_rate=0.564   predicate cols at positions [4]/20, emitted ['2%'] of rows
   encoding               acc  bal_acc   billed     n
   row_kv               96.9%    96.5%    77953   360
   csv_block            98.1%    97.8%    41377   360
   csv_rle              68.6%    71.9%    30726   360
   csv_rle+pin          99.7%    99.8%    31234   360

## taxi_sum  (arithmetic over 2 cols)  cols=['TaxiOut', 'TaxiIn']
   base_rate=0.367   predicate cols at positions [22, 19]/22, emitted ['100%', '100%'] of rows
   encoding               acc  bal_acc   billed     n
   row_kv               99.4%    99.2%    86409   360
   csv_block            98.9%    99.1%    47668   360
   csv_rle              99.2%    99.3%    37038   360
   csv_rle+pin          99.2%    99.2%    37043   360

## conj  (conjunction, 2 cols)  cols=['DepDelay', 'ArrDelay']
   base_rate=0.219   predicate cols at positions [19, 22]/22, emitted ['99%', '100%'] of rows
   encoding               acc  bal_acc   billed     n
   row_kv              100.0%   100.0%    88060   360
   csv_block            99.7%    99.4%    48586   360
   csv_rle              98.6%    96.8%    37717   360
   csv_rle+pin          98.6%    96.8%    37742   360

# 84 calls, $0.057306 billed this run

# wrote results/fx_acc_random.json
