# table=movies  4803 rows x 36 cols

## profit  (numeric compare, 2 cols)  cols=['revenue', 'budget']
   base_rate=0.911   predicate cols at positions [16, 13]/20, emitted ['100%', '100%'] of rows
   encoding               acc  bal_acc   billed     n
   row_kv               99.4%    98.3%    63347   360
   csv_block            99.7%    98.4%    47275   360
   csv_rle              99.2%    99.5%    41049   360
   csv_rle+pin          99.7%    99.8%    41061   360
   columnar_rle         92.8%    63.6%    41626   360
   columnar_rle+pin     98.9%    98.0%    44232   360
   factored_rle         99.7%    98.4%    49979   360

## budget_gt  (numeric threshold, 1 col)  cols=['budget']
   base_rate=0.989   predicate cols at positions [13]/20, emitted ['100%'] of rows
   encoding               acc  bal_acc   billed     n
   row_kv              100.0%   100.0%    63707   360
   csv_block           100.0%   100.0%    47635   360
   csv_rle             100.0%   100.0%    41409   360
   csv_rle+pin         100.0%   100.0%    41421   360
   columnar_rle         98.9%    50.0%    41986   360
   columnar_rle+pin    100.0%   100.0%    43476   360
   factored_rle        100.0%   100.0%    50339   360

## vote_high  (numeric threshold, 1 col)  cols=['vote_average']
   base_rate=0.411   predicate cols at positions [19]/20, emitted ['100%'] of rows
   encoding               acc  bal_acc   billed     n
   row_kv               99.7%    99.7%    64067   360
   csv_block            99.7%    99.7%    47995   360
   csv_rle             100.0%   100.0%    41769   360
   csv_rle+pin         100.0%   100.0%    41769   360
   columnar_rle         50.8%    56.2%    42346   360
   columnar_rle+pin     91.9%    92.5%    43504   360
   factored_rle        100.0%   100.0%    50699   360

## lang_en  (skewed categorical, 1 low-NDV col)  cols=['original_language']
   base_rate=0.992   predicate cols at positions [4]/20, emitted ['4%'] of rows
   encoding               acc  bal_acc   billed     n
   row_kv              100.0%   100.0%    62267   360
   csv_block           100.0%   100.0%    46195   360
   csv_rle              97.5%    98.7%    39969   360
   csv_rle+pin         100.0%   100.0%    40314   360
   columnar_rle         99.4%    66.7%    40546   360
   columnar_rle+pin    100.0%   100.0%    42358   360
   factored_rle         99.4%    99.7%    48899   360

## is_action  (binary flag, 1 very low-NDV col)  cols=['Action']
   base_rate=0.597   predicate cols at positions [2]/20, emitted ['2%'] of rows
   encoding               acc  bal_acc   billed     n
   row_kv               99.7%    99.7%    63347   360
   csv_block            97.2%    96.8%    47275   360
   csv_rle              51.7%    58.9%    41049   360
   csv_rle+pin          98.6%    98.3%    41655   360
   columnar_rle         80.8%    80.9%    41626   360
   columnar_rle+pin     99.7%    99.7%    43786   360
   factored_rle         67.5%    72.8%    49979   360

## long_film  (numeric threshold, 1 col)  cols=['runtime']
   base_rate=0.464   predicate cols at positions [17]/20, emitted ['100%'] of rows
   encoding               acc  bal_acc   billed     n
   row_kv               99.7%    99.7%    64067   360
   csv_block           100.0%   100.0%    47995   360
   csv_rle              99.7%    99.7%    41769   360
   csv_rle+pin          99.7%    99.7%    41769   360
   columnar_rle         66.1%    68.0%    42346   360
   columnar_rle+pin     96.9%    97.1%    43494   360
   factored_rle        100.0%   100.0%    50699   360

## hit  (conjunction, 2 cols)  cols=['vote_average', 'vote_count']
   base_rate=0.214   predicate cols at positions [19, 20]/20, emitted ['100%', '100%'] of rows
   encoding               acc  bal_acc   billed     n
   row_kv              100.0%   100.0%    66947   360
   csv_block            99.7%    99.8%    50875   360
   csv_rle              99.7%    99.8%    44649   360
   csv_rle+pin          99.4%    99.6%    44649   360
   columnar_rle         57.8%    63.7%    45226   360
   columnar_rle+pin     88.1%    91.9%    47500   360
   factored_rle        100.0%   100.0%    53579   360

# 147 calls, $0.097672 billed this run

# wrote results/mv_acc_head.json
