
## delay_gt  base_rate=0.331  emit=['100%', '99%']  n=360
   encoding      strategy    bal_acc     acc   billed  n_test
   row_kv        A             91.5%   88.3%    85231     180
   row_kv        A+fit         98.4%   97.8%    85231     180
   row_kv        B             94.7%   96.7%   108019     180
   row_kv        C             85.7%   89.4%   141427     180
   csv_block     A             88.1%   83.9%    45885     180
   csv_block     A+fit         96.3%   95.6%    45885     180
   csv_block     B             90.1%   92.8%    68673     180
   csv_block     C             84.7%   86.7%   102081     180
   csv_rle+pin   A             89.7%   86.1%    34933     180
   csv_rle+pin   A+fit         98.8%   98.3%    34933     180
   csv_rle+pin   B             88.2%   90.0%    57721     180
   csv_rle+pin   C             81.8%   86.7%    91129     180

## state_eq  base_rate=0.083  emit=['90%', '98%']  n=360
   encoding      strategy    bal_acc     acc   billed  n_test
   row_kv        A            100.0%  100.0%    80044     180
   row_kv        A+fit        100.0%  100.0%    80044     180
   row_kv        B            100.0%  100.0%   108952     180
   row_kv        C            100.0%  100.0%    99880     180
   csv_block     A            100.0%  100.0%    42509     180
   csv_block     A+fit        100.0%  100.0%    42509     180
   csv_block     B            100.0%  100.0%    71417     180
   csv_block     C             97.1%   99.4%    62345     180
   csv_rle+pin   A             99.7%   99.4%    31666     180
   csv_rle+pin   A+fit         96.9%   99.4%    31666     180
   csv_rle+pin   B             96.9%   99.4%    60574     180
   csv_rle+pin   C            100.0%  100.0%    51502     180

# 54 calls, $0.056447 billed this run

# wrote results/or_decomp_random.json
