
## delay_gt  base_rate=0.325  emit=['100%', '100%']  n=360
   encoding      strategy    bal_acc     acc   billed  n_test
   row_kv        A             94.2%   92.2%    85733     180
   row_kv        A+fit         97.1%   96.7%    85733     180
   row_kv        B             85.3%   87.2%   108521     180
   row_kv        C             81.4%   86.7%   141929     180
   csv_block     A             87.0%   82.8%    46314     180
   csv_block     A+fit         96.7%   96.7%    46314     180
   csv_block     B             86.0%   90.0%    69102     180
   csv_block     C             81.9%   87.2%   102510     180
   csv_rle+pin   A             84.9%   80.0%    33982     180
   csv_rle+pin   A+fit         91.5%   91.7%    33982     180
   csv_rle+pin   B             83.8%   89.4%    56770     180
   csv_rle+pin   C             83.1%   87.8%    90178     180

## state_eq  base_rate=0.128  emit=['83%', '82%']  n=360
   encoding      strategy    bal_acc     acc   billed  n_test
   row_kv        A             73.9%   86.7%    80702     180
   row_kv        A+fit         50.0%   83.9%    80702     180
   row_kv        B             69.0%   90.0%   109610     180
   row_kv        C             50.0%   83.9%   100538     180
   csv_block     A             59.9%   85.0%    43074     180
   csv_block     A+fit         49.4%   86.1%    43074     180
   csv_block     B             60.6%   89.4%    71982     180
   csv_block     C             63.0%   90.6%    62910     180
   csv_rle+pin   A             55.1%   83.3%    31504     180
   csv_rle+pin   A+fit         50.0%   86.1%    31504     180
   csv_rle+pin   B             50.0%   86.1%    60412     180
   csv_rle+pin   C             50.0%   86.1%    51340     180

# 54 calls, $0.056579 billed this run

# wrote results/or_decomp_head.json
