
## delay_gt  base_rate=0.331  emit=['100%', '99%']  n=360
   encoding      strategy    bal_acc     acc   billed  n_test
   row_kv        A             89.8%   86.1%    85231     180
   row_kv        B             94.7%   96.7%   108019     180
   row_kv        C             86.2%   89.4%   141427     180
   csv_block     A             86.5%   81.7%    45885     180
   csv_block     B             89.7%   92.2%    68673     180
   csv_block     C             84.7%   86.7%   102081     180
   csv_rle+pin   A             88.0%   83.9%    34933     180
   csv_rle+pin   B             87.8%   89.4%    57721     180
   csv_rle+pin   C             81.8%   86.7%    91129     180

## state_eq  base_rate=0.083  emit=['90%', '98%']  n=360
   encoding      strategy    bal_acc     acc   billed  n_test
   row_kv        A            100.0%  100.0%    80044     180
   row_kv        B            100.0%  100.0%   108952     180
   row_kv        C            100.0%  100.0%    99880     180
   csv_block     A            100.0%  100.0%    42509     180
   csv_block     B            100.0%  100.0%    71417     180
   csv_block     C            100.0%  100.0%    62345     180
   csv_rle+pin   A             99.7%   99.4%    31666     180
   csv_rle+pin   B             96.9%   99.4%    60574     180
   csv_rle+pin   C            100.0%  100.0%    51502     180

# 54 calls, $0.056447 billed this run

# wrote results/or_decompose.json
