# 1. near-zero states, one minimal noul: billed - 1.31*proxy = overhead
                       state  proxy  billed  implied_overhead
                         'x'      1     269             267.7
                  'ab cd ef'      3     271             267.1
               one 8-col row     27     295             259.6
              two 8-col rows     55     323             251.0

# 2. cost of the question itself, state held at a single character
            question  billed
        noul 'True.'     269
      noul long text     283
       choice 2 opts     285
       choice 8 opts     329
      score 3 levels     293
      score 8 levels     331

# 3. marginal cost per added noul, state held at a single character
 n_nouls  billed  marginal
       1     269          
       2     278      9.00
       4     296      9.00
       8     332      9.00
      16     404      9.00
      32     548      9.00

# 16 calls, $0.000213 billed this run
