# table=synthetic  4000 rows x 8 cols

## a_gt_b  (numeric compare, 2 cols)  cols=['a', 'b']
   base_rate=0.500   predicate cols at positions [7, 8]/8, emitted ['100%', '100%'] of rows
   encoding               acc  bal_acc   billed     n
   row_kv               96.4%    96.4%    28642   360
   csv_block            94.2%    94.2%    18271   360
   csv_rle              92.2%    92.2%    17010   360
   csv_rle+pin          95.6%    95.6%    17730   360

## low_card  (membership on a cardinality-4 column)  cols=['k4']
   base_rate=0.519   predicate cols at positions [2]/8, emitted ['7%'] of rows
   encoding               acc  bal_acc   billed     n
   row_kv              100.0%   100.0%    29362   360
   csv_block            82.2%    81.9%    18991   360
   csv_rle              50.6%    52.0%    17730   360
   csv_rle+pin         100.0%   100.0%    19246   360

## mid_card  (threshold on a cardinality-64 column)  cols=['k64']
   base_rate=0.525   predicate cols at positions [4]/8, emitted ['99%'] of rows
   encoding               acc  bal_acc   billed     n
   row_kv               97.8%    97.8%    30442   360
   csv_block            94.2%    94.1%    20071   360
   csv_rle              91.7%    91.7%    18810   360
   csv_rle+pin          96.7%    96.8%    19896   360

## high_card  (threshold on a cardinality-256 column)  cols=['k256']
   base_rate=0.489   predicate cols at positions [5]/8, emitted ['100%'] of rows
   encoding               acc  bal_acc   billed     n
   row_kv               98.1%    98.0%    31162   360
   csv_block            88.1%    88.3%    20791   360
   csv_rle              89.4%    89.6%    19530   360
   csv_rle+pin          97.8%    97.8%    20970   360

# 48 calls, $0.014643 billed this run

# wrote results/syn_acc.json
